8051 Assembler           Version 1.00   11/12/121 13:01:28    Page 1
C:\win8051\projects\latihan3\tugas8x7segment.a51



    1 0000              ORG 0H
    2 0000              
    3 0000              MULAI:
    4 0000 90002A       MOV     DPTR,#Kamar
    5 0003 7E08         mov     R6,#08H
    6 0005 797F         MOV     R1,#07FH
    7 0007              
    8 0007              ULANG:
    9 0007 E4           CLR     A
   10 0008 93           MOVC    A,@A+DPTR
   11 0009 A3           INC     DPTR
   12 000A F590         MOV     P1,A
   13 000C E9           MOV     A,R1
   14 000D F5B0         MOV     P3,A
   15 000F 03           RR      A
   16 0010 F9           MOV     R1,A
   17 0011 111D         ACALL   DELAY
   18 0013 759000       MOV     P1,#00H
   19 0016 111D         ACALL   DELAY
   20 0018 DEED         DJNZ    R6,ULANG
   21 001A 020000       JMP     MULAI
   22 001D              
   23 001D              DELAY:
   24 001D 7A02         MOV     R2,#02H
   25 001F              
   26 001F              DELAY1:
   27 001F 7B03         MOV     R3,#03H
   28 0021              
   29 0021              DELAY2:
   30 0021 7CFF         MOV     R4,#0FFH
   31 0023 DCFE         DJNZ    R4,$
   32 0025 DBFA         DJNZ    R3,DELAY2
   33 0027 DAF6         DJNZ    R2,DELAY1
   34 0029 22           RET
   35 002A              
   36 002A              KAMAR:
   37 002A BF 86 DB     DB      0BFH,086H,0DBH,0CFH,0E6H,0EDH,0FCH,087H
      002D CF E6 ED
      0030 FC 87
   38 0032              
   39 0032              END

Defined Symbols:

Defined Labels:
  DELAY                                     00001D  29
  DELAY1                                    00001F  31
  DELAY2                                    000021  33
  KAMAR                                     00002A  42
  MULAI                                     000000  0
  ULANG                                     000007  7
